[13:08:33] smoke-tracing tp1pp1-mbs1 with the rewritten attribution

====================
== NeMo Framework ==
====================

NVIDIA Release  (build 297524220)
Container image Copyright (c) 2025, NVIDIA CORPORATION & AFFILIATES. All rights reserved.
Copyright (c) 2014-2024 Facebook Inc.
Copyright (c) 2011-2014 Idiap Research Institute (Ronan Collobert)
Copyright (c) 2012-2014 Deepmind Technologies    (Koray Kavukcuoglu)
Copyright (c) 2011-2012 NEC Laboratories America (Koray Kavukcuoglu)
Copyright (c) 2011-2013 NYU                      (Clement Farabet)
Copyright (c) 2006-2010 NEC Laboratories America (Ronan Collobert, Leon Bottou, Iain Melvin, Jason Weston)
Copyright (c) 2006      Idiap Research Institute (Samy Bengio)
Copyright (c) 2001-2004 Idiap Research Institute (Ronan Collobert, Samy Bengio, Johnny Mariethoz)
Copyright (c) 2015      Google Inc.
Copyright (c) 2015      Yangqing Jia
Copyright (c) 2013-2016 The Caffe contributors
All rights reserved.

Various files include modifications (c) NVIDIA CORPORATION & AFFILIATES.  All rights reserved.

GOVERNING TERMS: The software and materials are governed by the NVIDIA Software License Agreement
(found at https://www.nvidia.com/en-us/agreements/enterprise-software/nvidia-software-license-agreement/)
and the Product-Specific Terms for NVIDIA AI Products
(found at https://www.nvidia.com/en-us/agreements/enterprise-software/product-specific-terms-for-ai-products/).

NOTE: Mellanox network driver detected, but NVIDIA peer memory driver not
      detected.  Multi-node communication performance may be reduced.

Tracing rank 0 ...

Trace generation complete. 1 file(s) in /opt/simulon/templates/gpu/gh200_jupiter-1p7b-ktsmoke/traces/tp1pp1-mbs1:
  trace_rank_0.json
[13:10:41] exit=0
  fwd=3181ms  bwd=5506ms  total=8702.60889299978  unattributed=6.368342999999996
VERDICT: PASS — bwd carries 5506ms (bwd/fwd=1.73), total 8703ms < 9921ms physical.
         Proceed to: sbatch experiments/trace_1p7b_unified.sbatch
