==============================================================
[00:13:34] tracing TP4/PP2 mbs=2 -> templates/gpu/gh200_jupiter-tp4pp2spfalse-mbs2/traces/gbs256
/usr/bin/rm: cannot remove '/usr/local/cuda/compat/lib': Read-only file system
rm: cannot remove '/usr/local/cuda/compat/lib': Read-only file system
rm: cannot remove '/usr/local/cuda/compat/lib': Read-only file system

=============
== PyTorch ==
=============

NVIDIA Release 26.02 (build 269443100)
PyTorch Version 2.11.0a0+eb65b36
Container image Copyright (c) 2025, NVIDIA CORPORATION & AFFILIATES. All rights reserved.
Copyright (c) 2014-2024 Facebook Inc.
Copyright (c) 2011-2014 Idiap Research Institute (Ronan Collobert)
Copyright (c) 2012-2014 Deepmind Technologies    (Koray Kavukcuoglu)
Copyright (c) 2011-2012 NEC Laboratories America (Koray Kavukcuoglu)
Copyright (c) 2011-2013 NYU                      (Clement Farabet)
Copyright (c) 2006-2010 NEC Laboratories America (Ronan Collobert, Leon Bottou, Iain Melvin, Jason Weston)
Copyright (c) 2006      Idiap Research Institute (Samy Bengio)
Copyright (c) 2001-2004 Idiap Research Institute (Ronan Collobert, Samy Bengio, Johnny Mariethoz)
Copyright (c) 2015      Google Inc.
Copyright (c) 2015      Yangqing Jia
Copyright (c) 2013-2016 The Caffe contributors
All rights reserved.

Various files include modifications (c) NVIDIA CORPORATION & AFFILIATES.  All rights reserved.

GOVERNING TERMS: The software and materials are governed by the NVIDIA Software License Agreement
(found at https://www.nvidia.com/en-us/agreements/enterprise-software/nvidia-software-license-agreement/)
and the Product-Specific Terms for NVIDIA AI Products
(found at https://www.nvidia.com/en-us/agreements/enterprise-software/product-specific-terms-for-ai-products/).

NOTE: Mellanox network driver detected, but NVIDIA peer memory driver not
      detected.  Multi-node communication performance may be reduced.

rm: cannot remove '/usr/local/cuda/compat/lib': Read-only file system
Tracing rank 0 ...
Tracing rank 32 ...

Trace generation complete. 2 file(s) in /opt/simulon/templates/gpu/gh200_jupiter-tp4pp2spfalse-mbs2/traces/gbs256:
  trace_rank_0.json
  trace_rank_32.json
[00:15:46] exit=0
total 786
drwxr-xr-x+ 2 vanosch1 vanosch1   4096 Jul 20 00:15 .
drwxr-xr-x+ 3 vanosch1 vanosch1   4096 Jul 20 00:13 ..
-rw-r--r--+ 1 vanosch1 vanosch1 400258 Jul 20 00:14 trace_rank_0.json
-rw-r--r--+ 1 vanosch1 vanosch1 394570 Jul 20 00:15 trace_rank_32.json
-rw-r--r--+ 1 vanosch1 vanosch1   1488 Jul 20 00:15 workload.yaml
==============================================================
[00:15:46] tracing TP4/PP4 mbs=2 -> templates/gpu/gh200_jupiter-tp4pp4spfalse-mbs2/traces/gbs256
/usr/bin/rm: cannot remove '/usr/local/cuda/compat/lib': Read-only file system
rm: cannot remove '/usr/local/cuda/compat/lib': Read-only file system
rm: cannot remove '/usr/local/cuda/compat/lib': Read-only file system

=============
== PyTorch ==
=============

NVIDIA Release 26.02 (build 269443100)
PyTorch Version 2.11.0a0+eb65b36
Container image Copyright (c) 2025, NVIDIA CORPORATION & AFFILIATES. All rights reserved.
Copyright (c) 2014-2024 Facebook Inc.
Copyright (c) 2011-2014 Idiap Research Institute (Ronan Collobert)
Copyright (c) 2012-2014 Deepmind Technologies    (Koray Kavukcuoglu)
Copyright (c) 2011-2012 NEC Laboratories America (Koray Kavukcuoglu)
Copyright (c) 2011-2013 NYU                      (Clement Farabet)
Copyright (c) 2006-2010 NEC Laboratories America (Ronan Collobert, Leon Bottou, Iain Melvin, Jason Weston)
Copyright (c) 2006      Idiap Research Institute (Samy Bengio)
Copyright (c) 2001-2004 Idiap Research Institute (Ronan Collobert, Samy Bengio, Johnny Mariethoz)
Copyright (c) 2015      Google Inc.
Copyright (c) 2015      Yangqing Jia
Copyright (c) 2013-2016 The Caffe contributors
All rights reserved.

Various files include modifications (c) NVIDIA CORPORATION & AFFILIATES.  All rights reserved.

GOVERNING TERMS: The software and materials are governed by the NVIDIA Software License Agreement
(found at https://www.nvidia.com/en-us/agreements/enterprise-software/nvidia-software-license-agreement/)
and the Product-Specific Terms for NVIDIA AI Products
(found at https://www.nvidia.com/en-us/agreements/enterprise-software/product-specific-terms-for-ai-products/).

NOTE: Mellanox network driver detected, but NVIDIA peer memory driver not
      detected.  Multi-node communication performance may be reduced.

rm: cannot remove '/usr/local/cuda/compat/lib': Read-only file system
Tracing rank 0 ...
Tracing rank 16 ...
Tracing rank 32 ...
Tracing rank 48 ...

Trace generation complete. 4 file(s) in /opt/simulon/templates/gpu/gh200_jupiter-tp4pp4spfalse-mbs2/traces/gbs256:
  trace_rank_0.json
  trace_rank_16.json
  trace_rank_32.json
  trace_rank_48.json
[00:19:12] exit=0
total 1698
drwxr-xr-x+ 2 vanosch1 vanosch1   4096 Jul 20 00:19 .
drwxr-xr-x+ 3 vanosch1 vanosch1   4096 Jul 20 00:15 ..
-rw-r--r--+ 1 vanosch1 vanosch1 428426 Jul 20 00:16 trace_rank_0.json
-rw-r--r--+ 1 vanosch1 vanosch1 438182 Jul 20 00:17 trace_rank_16.json
-rw-r--r--+ 1 vanosch1 vanosch1 438422 Jul 20 00:18 trace_rank_32.json
-rw-r--r--+ 1 vanosch1 vanosch1 417158 Jul 20 00:19 trace_rank_48.json
-rw-r--r--+ 1 vanosch1 vanosch1   1488 Jul 20 00:19 workload.yaml
[00:19:12] done
