=== clocks at job start (did the --comment lock take effect?) ===
index, clocks.current.sm [MHz], clocks.max.sm [MHz], clocks_event_reasons.active
0, 1830 MHz, 1980 MHz, 0x0000000000000001
1, 1830 MHz, 1980 MHz, 0x0000000000000001
2, 1830 MHz, 1980 MHz, 0x0000000000000001
3, 1830 MHz, 1980 MHz, 0x0000000000000001
==============================================================
[12:21:08] tracing tp4pp4-mbs1 -> templates/gpu/gh200_jupiter-lockedclk/traces/tp4pp4-mbs1
[12:21:08] SM clock just before: 1830 MHz
/usr/bin/rm: cannot remove '/usr/local/cuda/compat/lib': Read-only file system
rm: cannot remove '/usr/local/cuda/compat/lib': Read-only file system
rm: cannot remove '/usr/local/cuda/compat/lib': Read-only file system

=============
== PyTorch ==
=============

NVIDIA Release 26.02 (build 269443100)
PyTorch Version 2.11.0a0+eb65b36
Container image Copyright (c) 2025, NVIDIA CORPORATION & AFFILIATES. All rights reserved.
Copyright (c) 2014-2024 Facebook Inc.
Copyright (c) 2011-2014 Idiap Research Institute (Ronan Collobert)
Copyright (c) 2012-2014 Deepmind Technologies    (Koray Kavukcuoglu)
Copyright (c) 2011-2012 NEC Laboratories America (Koray Kavukcuoglu)
Copyright (c) 2011-2013 NYU                      (Clement Farabet)
Copyright (c) 2006-2010 NEC Laboratories America (Ronan Collobert, Leon Bottou, Iain Melvin, Jason Weston)
Copyright (c) 2006      Idiap Research Institute (Samy Bengio)
Copyright (c) 2001-2004 Idiap Research Institute (Ronan Collobert, Samy Bengio, Johnny Mariethoz)
Copyright (c) 2015      Google Inc.
Copyright (c) 2015      Yangqing Jia
Copyright (c) 2013-2016 The Caffe contributors
All rights reserved.

Various files include modifications (c) NVIDIA CORPORATION & AFFILIATES.  All rights reserved.

GOVERNING TERMS: The software and materials are governed by the NVIDIA Software License Agreement
(found at https://www.nvidia.com/en-us/agreements/enterprise-software/nvidia-software-license-agreement/)
and the Product-Specific Terms for NVIDIA AI Products
(found at https://www.nvidia.com/en-us/agreements/enterprise-software/product-specific-terms-for-ai-products/).

NOTE: Mellanox network driver detected, but NVIDIA peer memory driver not
      detected.  Multi-node communication performance may be reduced.

rm: cannot remove '/usr/local/cuda/compat/lib': Read-only file system
Tracing rank 0 ...
Tracing rank 16 ...
Tracing rank 32 ...
Tracing rank 48 ...

Trace generation complete. 4 file(s) in /opt/simulon/templates/gpu/gh200_jupiter-lockedclk/traces/tp4pp4-mbs1:
  trace_rank_0.json
  trace_rank_16.json
  trace_rank_32.json
  trace_rank_48.json
[12:24:59] tp4pp4-mbs1 exit=0  SM clock after: 1830 MHz
==============================================================
[12:24:59] tracing tp4pp4-mbs2 -> templates/gpu/gh200_jupiter-lockedclk/traces/tp4pp4-mbs2
[12:24:59] SM clock just before: 1830 MHz
/usr/bin/rm: cannot remove '/usr/local/cuda/compat/lib': Read-only file system
rm: cannot remove '/usr/local/cuda/compat/lib': Read-only file system
rm: cannot remove '/usr/local/cuda/compat/lib': Read-only file system

=============
== PyTorch ==
=============

NVIDIA Release 26.02 (build 269443100)
PyTorch Version 2.11.0a0+eb65b36
Container image Copyright (c) 2025, NVIDIA CORPORATION & AFFILIATES. All rights reserved.
Copyright (c) 2014-2024 Facebook Inc.
Copyright (c) 2011-2014 Idiap Research Institute (Ronan Collobert)
Copyright (c) 2012-2014 Deepmind Technologies    (Koray Kavukcuoglu)
Copyright (c) 2011-2012 NEC Laboratories America (Koray Kavukcuoglu)
Copyright (c) 2011-2013 NYU                      (Clement Farabet)
Copyright (c) 2006-2010 NEC Laboratories America (Ronan Collobert, Leon Bottou, Iain Melvin, Jason Weston)
Copyright (c) 2006      Idiap Research Institute (Samy Bengio)
Copyright (c) 2001-2004 Idiap Research Institute (Ronan Collobert, Samy Bengio, Johnny Mariethoz)
Copyright (c) 2015      Google Inc.
Copyright (c) 2015      Yangqing Jia
Copyright (c) 2013-2016 The Caffe contributors
All rights reserved.

Various files include modifications (c) NVIDIA CORPORATION & AFFILIATES.  All rights reserved.

GOVERNING TERMS: The software and materials are governed by the NVIDIA Software License Agreement
(found at https://www.nvidia.com/en-us/agreements/enterprise-software/nvidia-software-license-agreement/)
and the Product-Specific Terms for NVIDIA AI Products
(found at https://www.nvidia.com/en-us/agreements/enterprise-software/product-specific-terms-for-ai-products/).

NOTE: Mellanox network driver detected, but NVIDIA peer memory driver not
      detected.  Multi-node communication performance may be reduced.

rm: cannot remove '/usr/local/cuda/compat/lib': Read-only file system
Tracing rank 0 ...
Tracing rank 16 ...
Tracing rank 32 ...
Tracing rank 48 ...

Trace generation complete. 4 file(s) in /opt/simulon/templates/gpu/gh200_jupiter-lockedclk/traces/tp4pp4-mbs2:
  trace_rank_0.json
  trace_rank_16.json
  trace_rank_32.json
  trace_rank_48.json
[12:28:38] tp4pp4-mbs2 exit=0  SM clock after: 1830 MHz

=== SM clock summary during the session ===
  SM clock  min=1395  mean=1677  max=1830 MHz
  time at >1800 MHz: 54%  (was 27% unlocked)
  temp mean=58 max=69 C
[12:28:38] done — clock log: experiments/trace_lockedclk-1006682.clocks.csv
