container: /e/project1/e-sta-openeurollm/container/nemo_26.04.sif
SM clock : 1830 MHz
==============================================================
[12:07:07] tp4pp2-mbs2 [span] -> templates/gpu/gh200_jupiter-prod/traces/tp4pp2-mbs2

====================
== NeMo Framework ==
====================

NVIDIA Release  (build 297524220)
Container image Copyright (c) 2025, NVIDIA CORPORATION & AFFILIATES. All rights reserved.
Copyright (c) 2014-2024 Facebook Inc.
Copyright (c) 2011-2014 Idiap Research Institute (Ronan Collobert)
Copyright (c) 2012-2014 Deepmind Technologies    (Koray Kavukcuoglu)
Copyright (c) 2011-2012 NEC Laboratories America (Koray Kavukcuoglu)
Copyright (c) 2011-2013 NYU                      (Clement Farabet)
Copyright (c) 2006-2010 NEC Laboratories America (Ronan Collobert, Leon Bottou, Iain Melvin, Jason Weston)
Copyright (c) 2006      Idiap Research Institute (Samy Bengio)
Copyright (c) 2001-2004 Idiap Research Institute (Ronan Collobert, Samy Bengio, Johnny Mariethoz)
Copyright (c) 2015      Google Inc.
Copyright (c) 2015      Yangqing Jia
Copyright (c) 2013-2016 The Caffe contributors
All rights reserved.

Various files include modifications (c) NVIDIA CORPORATION & AFFILIATES.  All rights reserved.

GOVERNING TERMS: The software and materials are governed by the NVIDIA Software License Agreement
(found at https://www.nvidia.com/en-us/agreements/enterprise-software/nvidia-software-license-agreement/)
and the Product-Specific Terms for NVIDIA AI Products
(found at https://www.nvidia.com/en-us/agreements/enterprise-software/product-specific-terms-for-ai-products/).

NOTE: Mellanox network driver detected, but NVIDIA peer memory driver not
      detected.  Multi-node communication performance may be reduced.

Tracing rank 0 ...
Tracing rank 32 ...

Trace generation complete. 2 file(s) in /opt/simulon/templates/gpu/gh200_jupiter-prod/traces/tp4pp2-mbs2:
  trace_rank_0.json
  trace_rank_32.json
[12:09:45] tp4pp2-mbs2 [span] exit=0
  ok  kernel_ms=None  events=1140
==============================================================
[12:09:45] tp4pp1-mbs1 [span] -> templates/gpu/gh200_jupiter-prod/traces/tp4pp1-mbs1

====================
== NeMo Framework ==
====================

NVIDIA Release  (build 297524220)
Container image Copyright (c) 2025, NVIDIA CORPORATION & AFFILIATES. All rights reserved.
Copyright (c) 2014-2024 Facebook Inc.
Copyright (c) 2011-2014 Idiap Research Institute (Ronan Collobert)
Copyright (c) 2012-2014 Deepmind Technologies    (Koray Kavukcuoglu)
Copyright (c) 2011-2012 NEC Laboratories America (Koray Kavukcuoglu)
Copyright (c) 2011-2013 NYU                      (Clement Farabet)
Copyright (c) 2006-2010 NEC Laboratories America (Ronan Collobert, Leon Bottou, Iain Melvin, Jason Weston)
Copyright (c) 2006      Idiap Research Institute (Samy Bengio)
Copyright (c) 2001-2004 Idiap Research Institute (Ronan Collobert, Samy Bengio, Johnny Mariethoz)
Copyright (c) 2015      Google Inc.
Copyright (c) 2015      Yangqing Jia
Copyright (c) 2013-2016 The Caffe contributors
All rights reserved.

Various files include modifications (c) NVIDIA CORPORATION & AFFILIATES.  All rights reserved.

GOVERNING TERMS: The software and materials are governed by the NVIDIA Software License Agreement
(found at https://www.nvidia.com/en-us/agreements/enterprise-software/nvidia-software-license-agreement/)
and the Product-Specific Terms for NVIDIA AI Products
(found at https://www.nvidia.com/en-us/agreements/enterprise-software/product-specific-terms-for-ai-products/).

NOTE: Mellanox network driver detected, but NVIDIA peer memory driver not
      detected.  Multi-node communication performance may be reduced.

Tracing rank 0 ...

Trace generation complete. 1 file(s) in /opt/simulon/templates/gpu/gh200_jupiter-prod/traces/tp4pp1-mbs1:
  trace_rank_0.json
[12:11:05] tp4pp1-mbs1 [span] exit=0
  ok  kernel_ms=None  events=2132
==============================================================
[12:11:05] tp2pp4-mbs1 [span] -> templates/gpu/gh200_jupiter-prod/traces/tp2pp4-mbs1

====================
== NeMo Framework ==
====================

NVIDIA Release  (build 297524220)
Container image Copyright (c) 2025, NVIDIA CORPORATION & AFFILIATES. All rights reserved.
Copyright (c) 2014-2024 Facebook Inc.
Copyright (c) 2011-2014 Idiap Research Institute (Ronan Collobert)
Copyright (c) 2012-2014 Deepmind Technologies    (Koray Kavukcuoglu)
Copyright (c) 2011-2012 NEC Laboratories America (Koray Kavukcuoglu)
Copyright (c) 2011-2013 NYU                      (Clement Farabet)
Copyright (c) 2006-2010 NEC Laboratories America (Ronan Collobert, Leon Bottou, Iain Melvin, Jason Weston)
Copyright (c) 2006      Idiap Research Institute (Samy Bengio)
Copyright (c) 2001-2004 Idiap Research Institute (Ronan Collobert, Samy Bengio, Johnny Mariethoz)
Copyright (c) 2015      Google Inc.
Copyright (c) 2015      Yangqing Jia
Copyright (c) 2013-2016 The Caffe contributors
All rights reserved.

Various files include modifications (c) NVIDIA CORPORATION & AFFILIATES.  All rights reserved.

GOVERNING TERMS: The software and materials are governed by the NVIDIA Software License Agreement
(found at https://www.nvidia.com/en-us/agreements/enterprise-software/nvidia-software-license-agreement/)
and the Product-Specific Terms for NVIDIA AI Products
(found at https://www.nvidia.com/en-us/agreements/enterprise-software/product-specific-terms-for-ai-products/).

NOTE: Mellanox network driver detected, but NVIDIA peer memory driver not
      detected.  Multi-node communication performance may be reduced.

Tracing rank 0 ...
Tracing rank 16 ...
Tracing rank 32 ...
Tracing rank 48 ...

Trace generation complete. 4 file(s) in /opt/simulon/templates/gpu/gh200_jupiter-prod/traces/tp2pp4-mbs1:
  trace_rank_0.json
  trace_rank_16.json
  trace_rank_32.json
  trace_rank_48.json
[12:15:16] tp2pp4-mbs1 [span] exit=0
  ok  kernel_ms=None  events=1252
==============================================================
[12:15:16] tp4pp2-mbs1-rc [span] -> templates/gpu/gh200_jupiter-prod/traces/tp4pp2-mbs1-rc

====================
== NeMo Framework ==
====================

NVIDIA Release  (build 297524220)
Container image Copyright (c) 2025, NVIDIA CORPORATION & AFFILIATES. All rights reserved.
Copyright (c) 2014-2024 Facebook Inc.
Copyright (c) 2011-2014 Idiap Research Institute (Ronan Collobert)
Copyright (c) 2012-2014 Deepmind Technologies    (Koray Kavukcuoglu)
Copyright (c) 2011-2012 NEC Laboratories America (Koray Kavukcuoglu)
Copyright (c) 2011-2013 NYU                      (Clement Farabet)
Copyright (c) 2006-2010 NEC Laboratories America (Ronan Collobert, Leon Bottou, Iain Melvin, Jason Weston)
Copyright (c) 2006      Idiap Research Institute (Samy Bengio)
Copyright (c) 2001-2004 Idiap Research Institute (Ronan Collobert, Samy Bengio, Johnny Mariethoz)
Copyright (c) 2015      Google Inc.
Copyright (c) 2015      Yangqing Jia
Copyright (c) 2013-2016 The Caffe contributors
All rights reserved.

Various files include modifications (c) NVIDIA CORPORATION & AFFILIATES.  All rights reserved.

GOVERNING TERMS: The software and materials are governed by the NVIDIA Software License Agreement
(found at https://www.nvidia.com/en-us/agreements/enterprise-software/nvidia-software-license-agreement/)
and the Product-Specific Terms for NVIDIA AI Products
(found at https://www.nvidia.com/en-us/agreements/enterprise-software/product-specific-terms-for-ai-products/).

NOTE: Mellanox network driver detected, but NVIDIA peer memory driver not
      detected.  Multi-node communication performance may be reduced.

Tracing rank 0 ...
Tracing rank 32 ...

Trace generation complete. 2 file(s) in /opt/simulon/templates/gpu/gh200_jupiter-prod/traces/tp4pp2-mbs1-rc:
  trace_rank_0.json
  trace_rank_32.json
[12:18:09] tp4pp2-mbs1-rc [span] exit=0
  ok  kernel_ms=None  events=2276
==============================================================
[12:18:09] tp4pp4-mbs1-rc [span] -> templates/gpu/gh200_jupiter-prod/traces/tp4pp4-mbs1-rc

====================
== NeMo Framework ==
====================

NVIDIA Release  (build 297524220)
Container image Copyright (c) 2025, NVIDIA CORPORATION & AFFILIATES. All rights reserved.
Copyright (c) 2014-2024 Facebook Inc.
Copyright (c) 2011-2014 Idiap Research Institute (Ronan Collobert)
Copyright (c) 2012-2014 Deepmind Technologies    (Koray Kavukcuoglu)
Copyright (c) 2011-2012 NEC Laboratories America (Koray Kavukcuoglu)
Copyright (c) 2011-2013 NYU                      (Clement Farabet)
Copyright (c) 2006-2010 NEC Laboratories America (Ronan Collobert, Leon Bottou, Iain Melvin, Jason Weston)
Copyright (c) 2006      Idiap Research Institute (Samy Bengio)
Copyright (c) 2001-2004 Idiap Research Institute (Ronan Collobert, Samy Bengio, Johnny Mariethoz)
Copyright (c) 2015      Google Inc.
Copyright (c) 2015      Yangqing Jia
Copyright (c) 2013-2016 The Caffe contributors
All rights reserved.

Various files include modifications (c) NVIDIA CORPORATION & AFFILIATES.  All rights reserved.

GOVERNING TERMS: The software and materials are governed by the NVIDIA Software License Agreement
(found at https://www.nvidia.com/en-us/agreements/enterprise-software/nvidia-software-license-agreement/)
and the Product-Specific Terms for NVIDIA AI Products
(found at https://www.nvidia.com/en-us/agreements/enterprise-software/product-specific-terms-for-ai-products/).

NOTE: Mellanox network driver detected, but NVIDIA peer memory driver not
      detected.  Multi-node communication performance may be reduced.

Tracing rank 0 ...
Tracing rank 16 ...
Tracing rank 32 ...
Tracing rank 48 ...

Trace generation complete. 4 file(s) in /opt/simulon/templates/gpu/gh200_jupiter-prod/traces/tp4pp4-mbs1-rc:
  trace_rank_0.json
  trace_rank_16.json
  trace_rank_32.json
  trace_rank_48.json
[12:22:57] tp4pp4-mbs1-rc [span] exit=0
  ok  kernel_ms=None  events=2500
==============================================================
[12:22:57] tp4pp2-mbs1 [kernel] -> templates/gpu/gh200_jupiter-prod-kerneltime/traces/tp4pp2-mbs1

====================
== NeMo Framework ==
====================

NVIDIA Release  (build 297524220)
Container image Copyright (c) 2025, NVIDIA CORPORATION & AFFILIATES. All rights reserved.
Copyright (c) 2014-2024 Facebook Inc.
Copyright (c) 2011-2014 Idiap Research Institute (Ronan Collobert)
Copyright (c) 2012-2014 Deepmind Technologies    (Koray Kavukcuoglu)
Copyright (c) 2011-2012 NEC Laboratories America (Koray Kavukcuoglu)
Copyright (c) 2011-2013 NYU                      (Clement Farabet)
Copyright (c) 2006-2010 NEC Laboratories America (Ronan Collobert, Leon Bottou, Iain Melvin, Jason Weston)
Copyright (c) 2006      Idiap Research Institute (Samy Bengio)
Copyright (c) 2001-2004 Idiap Research Institute (Ronan Collobert, Samy Bengio, Johnny Mariethoz)
Copyright (c) 2015      Google Inc.
Copyright (c) 2015      Yangqing Jia
Copyright (c) 2013-2016 The Caffe contributors
All rights reserved.

Various files include modifications (c) NVIDIA CORPORATION & AFFILIATES.  All rights reserved.

GOVERNING TERMS: The software and materials are governed by the NVIDIA Software License Agreement
(found at https://www.nvidia.com/en-us/agreements/enterprise-software/nvidia-software-license-agreement/)
and the Product-Specific Terms for NVIDIA AI Products
(found at https://www.nvidia.com/en-us/agreements/enterprise-software/product-specific-terms-for-ai-products/).

NOTE: Mellanox network driver detected, but NVIDIA peer memory driver not
      detected.  Multi-node communication performance may be reduced.

Tracing rank 0 ...
Tracing rank 32 ...

Trace generation complete. 2 file(s) in /opt/simulon/templates/gpu/gh200_jupiter-prod-kerneltime/traces/tp4pp2-mbs1:
  trace_rank_0.json
  trace_rank_32.json
[12:26:36] tp4pp2-mbs1 [kernel] exit=0
  ok  kernel_ms=3533.048400999996  events=2276
==============================================================
[12:26:36] tp4pp2-mbs2 [kernel] -> templates/gpu/gh200_jupiter-prod-kerneltime/traces/tp4pp2-mbs2

====================
== NeMo Framework ==
====================

NVIDIA Release  (build 297524220)
Container image Copyright (c) 2025, NVIDIA CORPORATION & AFFILIATES. All rights reserved.
Copyright (c) 2014-2024 Facebook Inc.
Copyright (c) 2011-2014 Idiap Research Institute (Ronan Collobert)
Copyright (c) 2012-2014 Deepmind Technologies    (Koray Kavukcuoglu)
Copyright (c) 2011-2012 NEC Laboratories America (Koray Kavukcuoglu)
Copyright (c) 2011-2013 NYU                      (Clement Farabet)
Copyright (c) 2006-2010 NEC Laboratories America (Ronan Collobert, Leon Bottou, Iain Melvin, Jason Weston)
Copyright (c) 2006      Idiap Research Institute (Samy Bengio)
Copyright (c) 2001-2004 Idiap Research Institute (Ronan Collobert, Samy Bengio, Johnny Mariethoz)
Copyright (c) 2015      Google Inc.
Copyright (c) 2015      Yangqing Jia
Copyright (c) 2013-2016 The Caffe contributors
All rights reserved.

Various files include modifications (c) NVIDIA CORPORATION & AFFILIATES.  All rights reserved.

GOVERNING TERMS: The software and materials are governed by the NVIDIA Software License Agreement
(found at https://www.nvidia.com/en-us/agreements/enterprise-software/nvidia-software-license-agreement/)
and the Product-Specific Terms for NVIDIA AI Products
(found at https://www.nvidia.com/en-us/agreements/enterprise-software/product-specific-terms-for-ai-products/).

NOTE: Mellanox network driver detected, but NVIDIA peer memory driver not
      detected.  Multi-node communication performance may be reduced.

Tracing rank 0 ...
Tracing rank 32 ...

Trace generation complete. 2 file(s) in /opt/simulon/templates/gpu/gh200_jupiter-prod-kerneltime/traces/tp4pp2-mbs2:
  trace_rank_0.json
  trace_rank_32.json
[12:29:23] tp4pp2-mbs2 [kernel] exit=0
  ok  kernel_ms=2164.8483610000008  events=1140
==============================================================
[12:29:23] tp4pp1-mbs1 [kernel] -> templates/gpu/gh200_jupiter-prod-kerneltime/traces/tp4pp1-mbs1

====================
== NeMo Framework ==
====================

NVIDIA Release  (build 297524220)
Container image Copyright (c) 2025, NVIDIA CORPORATION & AFFILIATES. All rights reserved.
Copyright (c) 2014-2024 Facebook Inc.
Copyright (c) 2011-2014 Idiap Research Institute (Ronan Collobert)
Copyright (c) 2012-2014 Deepmind Technologies    (Koray Kavukcuoglu)
Copyright (c) 2011-2012 NEC Laboratories America (Koray Kavukcuoglu)
Copyright (c) 2011-2013 NYU                      (Clement Farabet)
Copyright (c) 2006-2010 NEC Laboratories America (Ronan Collobert, Leon Bottou, Iain Melvin, Jason Weston)
Copyright (c) 2006      Idiap Research Institute (Samy Bengio)
Copyright (c) 2001-2004 Idiap Research Institute (Ronan Collobert, Samy Bengio, Johnny Mariethoz)
Copyright (c) 2015      Google Inc.
Copyright (c) 2015      Yangqing Jia
Copyright (c) 2013-2016 The Caffe contributors
All rights reserved.

Various files include modifications (c) NVIDIA CORPORATION & AFFILIATES.  All rights reserved.

GOVERNING TERMS: The software and materials are governed by the NVIDIA Software License Agreement
(found at https://www.nvidia.com/en-us/agreements/enterprise-software/nvidia-software-license-agreement/)
and the Product-Specific Terms for NVIDIA AI Products
(found at https://www.nvidia.com/en-us/agreements/enterprise-software/product-specific-terms-for-ai-products/).

NOTE: Mellanox network driver detected, but NVIDIA peer memory driver not
      detected.  Multi-node communication performance may be reduced.

Tracing rank 0 ...

Trace generation complete. 1 file(s) in /opt/simulon/templates/gpu/gh200_jupiter-prod-kerneltime/traces/tp4pp1-mbs1:
  trace_rank_0.json
[12:31:10] tp4pp1-mbs1 [kernel] exit=0
  ok  kernel_ms=3369.9292960000007  events=2132
==============================================================
[12:31:10] tp2pp4-mbs1 [kernel] -> templates/gpu/gh200_jupiter-prod-kerneltime/traces/tp2pp4-mbs1

====================
== NeMo Framework ==
====================

NVIDIA Release  (build 297524220)
Container image Copyright (c) 2025, NVIDIA CORPORATION & AFFILIATES. All rights reserved.
Copyright (c) 2014-2024 Facebook Inc.
Copyright (c) 2011-2014 Idiap Research Institute (Ronan Collobert)
Copyright (c) 2012-2014 Deepmind Technologies    (Koray Kavukcuoglu)
Copyright (c) 2011-2012 NEC Laboratories America (Koray Kavukcuoglu)
Copyright (c) 2011-2013 NYU                      (Clement Farabet)
Copyright (c) 2006-2010 NEC Laboratories America (Ronan Collobert, Leon Bottou, Iain Melvin, Jason Weston)
Copyright (c) 2006      Idiap Research Institute (Samy Bengio)
Copyright (c) 2001-2004 Idiap Research Institute (Ronan Collobert, Samy Bengio, Johnny Mariethoz)
Copyright (c) 2015      Google Inc.
Copyright (c) 2015      Yangqing Jia
Copyright (c) 2013-2016 The Caffe contributors
All rights reserved.

Various files include modifications (c) NVIDIA CORPORATION & AFFILIATES.  All rights reserved.

GOVERNING TERMS: The software and materials are governed by the NVIDIA Software License Agreement
(found at https://www.nvidia.com/en-us/agreements/enterprise-software/nvidia-software-license-agreement/)
and the Product-Specific Terms for NVIDIA AI Products
(found at https://www.nvidia.com/en-us/agreements/enterprise-software/product-specific-terms-for-ai-products/).

NOTE: Mellanox network driver detected, but NVIDIA peer memory driver not
      detected.  Multi-node communication performance may be reduced.

Tracing rank 0 ...
Tracing rank 16 ...
Tracing rank 32 ...
Tracing rank 48 ...

Trace generation complete. 4 file(s) in /opt/simulon/templates/gpu/gh200_jupiter-prod-kerneltime/traces/tp2pp4-mbs1:
  trace_rank_0.json
  trace_rank_16.json
  trace_rank_32.json
  trace_rank_48.json
[12:36:28] tp2pp4-mbs1 [kernel] exit=0
  ok  kernel_ms=2537.3665220000003  events=1252
[12:36:28] resume done
=== final inventory ===
--- templates/gpu/gh200_jupiter-prod/traces
    tp2pp4-mbs1 OK
    tp2pp4-mbs2 MISSING
    tp4pp1-mbs1 OK
    tp4pp1-mbs2 MISSING
    tp4pp2-mbs1-rc OK
    tp4pp2-mbs1 OK
    tp4pp2-mbs2 OK
    tp4pp4-mbs1-rc OK
    tp4pp4-mbs1 OK
    tp4pp4-mbs2 OK
--- templates/gpu/gh200_jupiter-prod-kerneltime/traces
    tp2pp4-mbs1 OK
    tp2pp4-mbs2 MISSING
    tp4pp1-mbs1 OK
    tp4pp1-mbs2 MISSING
    tp4pp2-mbs1 OK
    tp4pp2-mbs2 OK
    tp4pp4-mbs1 OK
    tp4pp4-mbs2 OK
