rank=0
returncode=1
cmd=/opt/venv/bin/python3 /opt/simulon/vendor/Megatron-LM-traced/pretrain_gpt.py --tensor-model-parallel-size 4 --pipeline-model-parallel-size 2 --micro-batch-size 64 --global-batch-size 1024 --seq-length 4096 --num-layers 64 --hidden-size 5120 --num-attention-heads 64 --ffn-hidden-size 25600 --max-position-embeddings 4096 --tokenizer-type NullTokenizer --mock-data --vocab-size 262144 --padded-vocab-size 262144 --data-parallel-sharding-strategy no_shard --sequence-parallel --context-parallel-size 1 --lr 0.0006 --seed 1234 --init-method-std 0.02 --swiglu --num-query-groups 8 --group-query-attention --attention-softmax-in-fp32 --use-flash-attn --attention-backend auto --position-embedding-type rope --rotary-base 10000 --rotary-percent 1.0 --untie-embeddings-and-output-weights --normalization RMSNorm --norm-epsilon 1e-05 --qk-layernorm --bf16 --attention-dropout 0.0 --hidden-dropout 0.0 --optimizer adam --adam-beta1 0.9 --adam-beta2 0.95 --adam-eps 1e-08 --clip-grad 1.0 --weight-decay 0.05 --min-lr 0.0 --lr-decay-style WSD --lr-wsd-decay-style linear --lr-warmup-iters 0 --lr-decay-iters 1 --lr-wsd-decay-iters 1 --use-distributed-optimizer --distributed-backend nccl --distributed-timeout-minutes 30 --eval-interval 999999 --eval-iters 0 --num-virtual-stages-per-pipeline-rank 16 --save-interval 1000000 --log-interval 1 --no-masked-softmax-fusion --no-bias-swiglu-fusion --train-iters 4 --trace-warmup-iters 3 --eval-micro-batch-size 1 --eval-global-batch-size 2 --fake-process-group --rank 0 --trace-dir /opt/simulon/templates/gpu/h100/traces/67b5400f133a5a9f

--- stdout ---
LANG_RL Log directory: None
INFO:datasets:PyTorch version 2.11.0a0+eb65b36914.nv26.2 available.
using world size: 16, data-parallel size: 2, context-parallel size: 1, hierarchical context-parallel sizes: None, tensor-model-parallel size: 4, pipeline-model-parallel size: 2
Number of virtual stages per pipeline stage: 16
accumulate and all-reduce gradients in fp32 for bfloat16 data type.
using torch.bfloat16 for parameters ...

--- stderr ---
/usr/local/lib/python3.12/dist-packages/torch/cuda/__init__.py:61: FutureWarning: The pynvml package is deprecated. Please install nvidia-ml-py instead. If you did not install pynvml directly, please report this to the maintainers of the package that installed pynvml for you.
  import pynvml  # type: ignore[import]
/opt/venv/lib/python3.12/site-packages/comet_ml/error_tracking/api.py:51: UserWarning: We won't be continuing development on SDK 3.0. Please use the last stable version of the SDK to get access to the newest features and fixes. See https://github.com/getsentry/sentry-python/discussions/4955
  sentry_sdk.init(
Multiple distributions found for package modelopt. Picked distribution: nvidia-modelopt
/opt/venv/lib/python3.12/site-packages/modelopt/torch/__init__.py:36: UserWarning: transformers version 5.3.0 is not tested with nvidia-modelopt and may cause issues. Please install recommended version with `pip install nvidia-modelopt[hf]` if working with HF models.
  _warnings.warn(
/opt/simulon/vendor/Megatron-LM-traced/megatron/training/utils.py:412: UserWarning: Overriding default arguments for tokenizer_type:GPT2BPETokenizer with tokenizer_type:NullTokenizer
  warnings.warn(message)
Traceback (most recent call last):
  File "/opt/simulon/vendor/Megatron-LM-traced/pretrain_gpt.py", line 414, in <module>
    args = parse_and_validate_args(
           ^^^^^^^^^^^^^^^^^^^^^^^^
  File "/opt/simulon/vendor/Megatron-LM-traced/megatron/training/arguments.py", line 109, in parse_and_validate_args
    validate_args(args, args_defaults)
  File "/opt/simulon/vendor/Megatron-LM-traced/megatron/training/arguments.py", line 1318, in validate_args
    assert os.environ.get('CUDA_DEVICE_MAX_CONNECTIONS') == "1", \
           ^^^^^^^^^^^^^^^^^^^^^^^^^^^^^^^^^^^^^^^^^^^^^^^^^^^^
AssertionError: Using tensor model parallelism or context parallelism require setting the environment variable CUDA_DEVICE_MAX_CONNECTIONS to 1
